Analysis & Elaboration report for Avance5
Sat Nov 29 23:16:55 2025
Quartus Prime Version 20.1.0 Build 711 06/05/2020 SJ Lite Edition


---------------------
; Table of Contents ;
---------------------
  1. Legal Notice
  2. Analysis & Elaboration Summary
  3. Parallel Compilation
  4. Analysis & Elaboration Settings
  5. Analysis & Elaboration Messages



----------------
; Legal Notice ;
----------------
Copyright (C) 2020  Intel Corporation. All rights reserved.
Your use of Intel Corporation's design tools, logic functions 
and other software and tools, and any partner logic 
functions, and any output files from any of the foregoing 
(including device programming or simulation files), and any 
associated documentation or information are expressly subject 
to the terms and conditions of the Intel Program License 
Subscription Agreement, the Intel Quartus Prime License Agreement,
the Intel FPGA IP License Agreement, or other applicable license
agreement, including, without limitation, that your use is for
the sole purpose of programming logic devices manufactured by
Intel and sold by Intel or its authorized distributors.  Please
refer to the applicable agreement for further details, at
https://fpgasoftware.intel.com/eula.



+-----------------------------------------------------------------------------+
; Analysis & Elaboration Summary                                              ;
+-------------------------------+---------------------------------------------+
; Analysis & Elaboration Status ; Successful - Sat Nov 29 23:16:55 2025       ;
; Quartus Prime Version         ; 20.1.0 Build 711 06/05/2020 SJ Lite Edition ;
; Revision Name                 ; Avance5                                     ;
; Top-level Entity Name         ; bilinear_interpolator                       ;
; Family                        ; Cyclone V                                   ;
; Logic utilization (in ALMs)   ; N/A until Partition Merge                   ;
; Total registers               ; N/A until Partition Merge                   ;
; Total pins                    ; N/A until Partition Merge                   ;
; Total virtual pins            ; N/A until Partition Merge                   ;
; Total block memory bits       ; N/A until Partition Merge                   ;
; Total PLLs                    ; N/A until Partition Merge                   ;
; Total DLLs                    ; N/A until Partition Merge                   ;
+-------------------------------+---------------------------------------------+


+------------------------------------------+
; Parallel Compilation                     ;
+----------------------------+-------------+
; Processors                 ; Number      ;
+----------------------------+-------------+
; Number detected on machine ; 16          ;
; Maximum allowed            ; 4           ;
;                            ;             ;
; Average used               ; 1.00        ;
; Maximum used               ; 1           ;
;                            ;             ;
; Usage by Processor         ; % Time Used ;
;     Processor 1            ; 100.0%      ;
+----------------------------+-------------+


+------------------------------------------------------------------------------------------------------------------------------+
; Analysis & Elaboration Settings                                                                                              ;
+---------------------------------------------------------------------------------+-----------------------+--------------------+
; Option                                                                          ; Setting               ; Default Value      ;
+---------------------------------------------------------------------------------+-----------------------+--------------------+
; Device                                                                          ; 5CSEMA5F31C6          ;                    ;
; Top-level entity name                                                           ; bilinear_interpolator ; Avance5            ;
; Family name                                                                     ; Cyclone V             ; Cyclone V          ;
; Maximum processors allowed for parallel compilation                             ; 4                     ;                    ;
; Use smart compilation                                                           ; Off                   ; Off                ;
; Enable parallel Assembler and Timing Analyzer during compilation                ; On                    ; On                 ;
; Enable compact report table                                                     ; Off                   ; Off                ;
; Restructure Multiplexers                                                        ; Auto                  ; Auto               ;
; MLAB Add Timing Constraints For Mixed-Port Feed-Through Mode Setting Don't Care ; Off                   ; Off                ;
; Create Debugging Nodes for IP Cores                                             ; Off                   ; Off                ;
; Preserve fewer node names                                                       ; On                    ; On                 ;
; Intel FPGA IP Evaluation Mode                                                   ; Enable                ; Enable             ;
; Verilog Version                                                                 ; Verilog_2001          ; Verilog_2001       ;
; VHDL Version                                                                    ; VHDL_1993             ; VHDL_1993          ;
; State Machine Processing                                                        ; Auto                  ; Auto               ;
; Safe State Machine                                                              ; Off                   ; Off                ;
; Extract Verilog State Machines                                                  ; On                    ; On                 ;
; Extract VHDL State Machines                                                     ; On                    ; On                 ;
; Ignore Verilog initial constructs                                               ; Off                   ; Off                ;
; Iteration limit for constant Verilog loops                                      ; 5000                  ; 5000               ;
; Iteration limit for non-constant Verilog loops                                  ; 250                   ; 250                ;
; Add Pass-Through Logic to Inferred RAMs                                         ; On                    ; On                 ;
; Infer RAMs from Raw Logic                                                       ; On                    ; On                 ;
; Parallel Synthesis                                                              ; On                    ; On                 ;
; DSP Block Balancing                                                             ; Auto                  ; Auto               ;
; NOT Gate Push-Back                                                              ; On                    ; On                 ;
; Power-Up Don't Care                                                             ; On                    ; On                 ;
; Remove Redundant Logic Cells                                                    ; Off                   ; Off                ;
; Remove Duplicate Registers                                                      ; On                    ; On                 ;
; Ignore CARRY Buffers                                                            ; Off                   ; Off                ;
; Ignore CASCADE Buffers                                                          ; Off                   ; Off                ;
; Ignore GLOBAL Buffers                                                           ; Off                   ; Off                ;
; Ignore ROW GLOBAL Buffers                                                       ; Off                   ; Off                ;
; Ignore LCELL Buffers                                                            ; Off                   ; Off                ;
; Ignore SOFT Buffers                                                             ; On                    ; On                 ;
; Limit AHDL Integers to 32 Bits                                                  ; Off                   ; Off                ;
; Optimization Technique                                                          ; Balanced              ; Balanced           ;
; Carry Chain Length                                                              ; 70                    ; 70                 ;
; Auto Carry Chains                                                               ; On                    ; On                 ;
; Auto Open-Drain Pins                                                            ; On                    ; On                 ;
; Perform WYSIWYG Primitive Resynthesis                                           ; Off                   ; Off                ;
; Auto ROM Replacement                                                            ; On                    ; On                 ;
; Auto RAM Replacement                                                            ; On                    ; On                 ;
; Auto DSP Block Replacement                                                      ; On                    ; On                 ;
; Auto Shift Register Replacement                                                 ; Auto                  ; Auto               ;
; Allow Shift Register Merging across Hierarchies                                 ; Auto                  ; Auto               ;
; Auto Clock Enable Replacement                                                   ; On                    ; On                 ;
; Strict RAM Replacement                                                          ; Off                   ; Off                ;
; Allow Synchronous Control Signals                                               ; On                    ; On                 ;
; Force Use of Synchronous Clear Signals                                          ; Off                   ; Off                ;
; Auto Resource Sharing                                                           ; Off                   ; Off                ;
; Allow Any RAM Size For Recognition                                              ; Off                   ; Off                ;
; Allow Any ROM Size For Recognition                                              ; Off                   ; Off                ;
; Allow Any Shift Register Size For Recognition                                   ; Off                   ; Off                ;
; Use LogicLock Constraints during Resource Balancing                             ; On                    ; On                 ;
; Ignore translate_off and synthesis_off directives                               ; Off                   ; Off                ;
; Timing-Driven Synthesis                                                         ; On                    ; On                 ;
; Report Parameter Settings                                                       ; On                    ; On                 ;
; Report Source Assignments                                                       ; On                    ; On                 ;
; Report Connectivity Checks                                                      ; On                    ; On                 ;
; Ignore Maximum Fan-Out Assignments                                              ; Off                   ; Off                ;
; Synchronization Register Chain Length                                           ; 3                     ; 3                  ;
; Power Optimization During Synthesis                                             ; Normal compilation    ; Normal compilation ;
; HDL message level                                                               ; Level2                ; Level2             ;
; Suppress Register Optimization Related Messages                                 ; Off                   ; Off                ;
; Number of Removed Registers Reported in Synthesis Report                        ; 5000                  ; 5000               ;
; Number of Swept Nodes Reported in Synthesis Report                              ; 5000                  ; 5000               ;
; Number of Inverted Registers Reported in Synthesis Report                       ; 100                   ; 100                ;
; Clock MUX Protection                                                            ; On                    ; On                 ;
; Auto Gated Clock Conversion                                                     ; Off                   ; Off                ;
; Block Design Naming                                                             ; Auto                  ; Auto               ;
; SDC constraint protection                                                       ; Off                   ; Off                ;
; Synthesis Effort                                                                ; Auto                  ; Auto               ;
; Shift Register Replacement - Allow Asynchronous Clear Signal                    ; On                    ; On                 ;
; Pre-Mapping Resynthesis Optimization                                            ; Off                   ; Off                ;
; Analysis & Synthesis Message Level                                              ; Medium                ; Medium             ;
; Disable Register Merging Across Hierarchies                                     ; Auto                  ; Auto               ;
; Resource Aware Inference For Block RAM                                          ; On                    ; On                 ;
; Automatic Parallel Synthesis                                                    ; On                    ; On                 ;
; Partial Reconfiguration Bitstream ID                                            ; Off                   ; Off                ;
+---------------------------------------------------------------------------------+-----------------------+--------------------+


+---------------------------------+
; Analysis & Elaboration Messages ;
+---------------------------------+
Info: *******************************************************************
Info: Running Quartus Prime Analysis & Elaboration
    Info: Version 20.1.0 Build 711 06/05/2020 SJ Lite Edition
    Info: Processing started: Sat Nov 29 23:16:47 2025
Info: Command: quartus_map --read_settings_files=on --write_settings_files=off Avance5 -c Avance5 --analysis_and_elaboration
Info (20032): Parallel compilation is enabled and will use up to 4 processors
Info (12021): Found 1 design units, including 0 entities, in source file fixed_point_pkg.sv
    Info (12022): Found design unit 1: fixed_point_pkg (SystemVerilog) File: /home/noemi/Documentos/Arqui/Proyecto2/Avance5-codigoQuartus/fixed_point_pkg.sv Line: 1
Info (12021): Found 1 design units, including 1 entities, in source file address_generator.sv
    Info (12023): Found entity 1: address_generator File: /home/noemi/Documentos/Arqui/Proyecto2/Avance5-codigoQuartus/address_generator.sv Line: 3
Info (12021): Found 1 design units, including 1 entities, in source file bilinear_interpolator.sv
    Info (12023): Found entity 1: bilinear_interpolator File: /home/noemi/Documentos/Arqui/Proyecto2/Avance5-codigoQuartus/bilinear_interpolator.sv Line: 3
Info (12021): Found 1 design units, including 1 entities, in source file control_registers.sv
    Info (12023): Found entity 1: control_registers File: /home/noemi/Documentos/Arqui/Proyecto2/Avance5-codigoQuartus/control_registers.sv Line: 3
Info (12021): Found 1 design units, including 1 entities, in source file downscaler_fsm.sv
    Info (12023): Found entity 1: downscaler_fsm File: /home/noemi/Documentos/Arqui/Proyecto2/Avance5-codigoQuartus/downscaler_fsm.sv Line: 1
Info (12021): Found 1 design units, including 1 entities, in source file downscaler_top.sv
    Info (12023): Found entity 1: downscaler_top File: /home/noemi/Documentos/Arqui/Proyecto2/Avance5-codigoQuartus/downscaler_top.sv Line: 3
Info (12021): Found 1 design units, including 1 entities, in source file image_memory.sv
    Info (12023): Found entity 1: image_memory File: /home/noemi/Documentos/Arqui/Proyecto2/Avance5-codigoQuartus/image_memory.sv Line: 1
Info (12021): Found 1 design units, including 1 entities, in source file performance_counters.sv
    Info (12023): Found entity 1: performance_counters File: /home/noemi/Documentos/Arqui/Proyecto2/Avance5-codigoQuartus/performance_counters.sv Line: 1
Info (12021): Found 1 design units, including 1 entities, in source file simd_registers.sv
    Info (12023): Found entity 1: simd_registers File: /home/noemi/Documentos/Arqui/Proyecto2/Avance5-codigoQuartus/simd_registers.sv Line: 1
Info (12021): Found 1 design units, including 1 entities, in source file downscaler_top_tb.sv
    Info (12023): Found entity 1: downscaler_top_tb File: /home/noemi/Documentos/Arqui/Proyecto2/Avance5-codigoQuartus/downscaler_top_tb.sv Line: 3
Info (12021): Found 1 design units, including 1 entities, in source file fixed_point_tb.sv
    Info (12023): Found entity 1: fixed_point_tb File: /home/noemi/Documentos/Arqui/Proyecto2/Avance5-codigoQuartus/fixed_point_tb.sv Line: 4
Info (12021): Found 1 design units, including 1 entities, in source file bilinear_interpolator_tb.sv
    Info (12023): Found entity 1: tb_bilinear_interpolator File: /home/noemi/Documentos/Arqui/Proyecto2/Avance5-codigoQuartus/bilinear_interpolator_tb.sv Line: 3
Info (12021): Found 1 design units, including 1 entities, in source file control_registers_tb.sv
    Info (12023): Found entity 1: tb_control_registers File: /home/noemi/Documentos/Arqui/Proyecto2/Avance5-codigoQuartus/control_registers_tb.sv Line: 3
Info (12021): Found 1 design units, including 1 entities, in source file downscaler_fsm_tb.sv
    Info (12023): Found entity 1: tb_downscaler_fsm File: /home/noemi/Documentos/Arqui/Proyecto2/Avance5-codigoQuartus/downscaler_fsm_tb.sv Line: 3
Info (12021): Found 1 design units, including 1 entities, in source file reciprocal_unit.sv
    Info (12023): Found entity 1: reciprocal_unit File: /home/noemi/Documentos/Arqui/Proyecto2/Avance5-codigoQuartus/reciprocal_unit.sv Line: 1
Info (12021): Found 1 design units, including 1 entities, in source file address_generator_tb.sv
    Info (12023): Found entity 1: tb_address_generator File: /home/noemi/Documentos/Arqui/Proyecto2/Avance5-codigoQuartus/address_generator_tb.sv Line: 5
Info (12021): Found 1 design units, including 1 entities, in source file image_memory_tb.sv
    Info (12023): Found entity 1: tb_image_memory File: /home/noemi/Documentos/Arqui/Proyecto2/Avance5-codigoQuartus/image_memory_tb.sv Line: 1
Info (12021): Found 1 design units, including 1 entities, in source file simd_registers_tb.sv
    Info (12023): Found entity 1: tb_simd_registers File: /home/noemi/Documentos/Arqui/Proyecto2/Avance5-codigoQuartus/simd_registers_tb.sv Line: 1
Info (12021): Found 1 design units, including 1 entities, in source file performance_counters_tb.sv
    Info (12023): Found entity 1: tb_performance_counters File: /home/noemi/Documentos/Arqui/Proyecto2/Avance5-codigoQuartus/performance_counters_tb.sv Line: 1
Info (12127): Elaborating entity "bilinear_interpolator" for the top level hierarchy
Info: Quartus Prime Analysis & Elaboration was successful. 0 errors, 0 warnings
    Info: Peak virtual memory: 722 megabytes
    Info: Processing ended: Sat Nov 29 23:16:55 2025
    Info: Elapsed time: 00:00:08
    Info: Total CPU time (on all processors): 00:00:31


